<html>
<body>
<pre>
<h1>µVision Build Log</h1>
<h2>Tool Versions:</h2>
IDE-Version: ¦ÌVision V5.40.0.0
Copyright (C) 2024 ARM Ltd and ARM Germany GmbH. All rights reserved.
License Information: 1 xiaoming, 1, LIC=RC93N-YG7NA-SBQEJ-UAP05-J3CTA-6VMDR
 
Tool Versions:
Toolchain:       MDK-ARM Plus  Version: 5.40.0.3
Toolchain Path:  D:\Program Files\Keil5\ARM\V5\Bin
C Compiler:      Armcc.exe V5.06 update 7 (build 960)
Assembler:       Armasm.exe V5.06 update 7 (build 960)
Linker/Locator:  ArmLink.exe V5.06 update 7 (build 960)
Library Manager: ArmAr.exe V5.06 update 7 (build 960)
Hex Converter:   FromElf.exe V5.06 update 7 (build 960)
CPU DLL:         SARMCM3.DLL V5.40.0.3
Dialog DLL:      DCM.DLL V1.17.5.0
Target DLL:      CMSIS_AGDI.dll V1.33.18.0
Dialog DLL:      TCM.DLL V1.56.4.0
 
<h2>Project:</h2>
D:\STM32 ST\VBTX_LED_Ctrl\MDK-ARM\VBTX_LED_Ctrl.uvprojx
Project File Date:  10/30/2024

<h2>Output:</h2>
*** Using Compiler 'V5.06 update 7 (build 960)', folder: 'D:\Program Files\Keil5\ARM\V5\Bin'
Build target 'VBTX_LED_Ctrl'
compiling main.c...
../Core/Src/main.c(109): warning:  #188-D: enumerated type mixed with another type
  			HAL_GPIO_WritePin(GPIOE,GPIO_PIN_8,1);
../Core/Src/main.c(110): warning:  #188-D: enumerated type mixed with another type
  			HAL_GPIO_WritePin(GPIOE,GPIO_PIN_10,1);
../Core/Src/main.c(111): warning:  #188-D: enumerated type mixed with another type
  			HAL_GPIO_WritePin(GPIOB,GPIO_PIN_2,1);
../Core/Src/main.c(112): warning:  #188-D: enumerated type mixed with another type
  			HAL_GPIO_WritePin(GPIOE,GPIO_PIN_3,1);
../Core/Src/main.c(117): warning:  #188-D: enumerated type mixed with another type
  			HAL_GPIO_WritePin(GPIOE,GPIO_PIN_8,0);
../Core/Src/main.c(118): warning:  #188-D: enumerated type mixed with another type
  			HAL_GPIO_WritePin(GPIOE,GPIO_PIN_10,0);
../Core/Src/main.c(119): warning:  #188-D: enumerated type mixed with another type
  			HAL_GPIO_WritePin(GPIOB,GPIO_PIN_2,0);
../Core/Src/main.c(120): warning:  #188-D: enumerated type mixed with another type
  			HAL_GPIO_WritePin(GPIOE,GPIO_PIN_3,0);
../Core/Src/main.c: 8 warnings, 0 errors
linking...
Program Size: Code=6370 RO-data=714 RW-data=20 ZI-data=1636  
FromELF: creating hex file...
"VBTX_LED_Ctrl\VBTX_LED_Ctrl.axf" - 0 Error(s), 8 Warning(s).

<h2>Software Packages used:</h2>

Package Vendor: ARM
                https://www.keil.com/pack/ARM.CMSIS.6.1.0.pack
                ARM::CMSIS@6.1.0
                CMSIS (Common Microcontroller Software Interface Standard)
   * Component: CORE Version: 6.1.0

Package Vendor: Keil
                https://www.keil.com/pack/Keil.STM32H7xx_DFP.3.1.1.pack
                Keil::STM32H7xx_DFP@3.1.1
                STMicroelectronics STM32H7 Series Device Support and Examples

<h2>Collection of Component include folders:</h2>
  ./RTE/_VBTX_LED_Ctrl
  D:/Program Files/Keil5/ARM/CMSIS/6.1.0/CMSIS/Core/Include
  D:/Program Files/Keil5/Keil/STM32H7xx_DFP/3.1.1/Drivers/CMSIS/Device/ST/STM32H7xx/Include

<h2>Collection of Component Files used:</h2>

   * Component: ARM::CMSIS:CORE@6.1.0
      Include file:  CMSIS/Core/Include/tz_context.h
Build Time Elapsed:  00:00:03
</pre>
</body>
</html>
