<html>
<body>
<pre>
<h1>µVision Build Log</h1>
<h2>Tool Versions:</h2>
IDE-Version: ¦ÌVision V5.40.0.0
Copyright (C) 2024 ARM Ltd and ARM Germany GmbH. All rights reserved.
License Information: 1 1, 1, LIC=JL28G-VIZRK-QDSKD-8H2CY-J1CV6-RWPQ2
 
Tool Versions:
Toolchain:       MDK-ARM Plus  Version: 5.40.0.3
Toolchain Path:  E:\Keil_v5\ARM\ARMCLANG\Bin
C Compiler:      ArmClang.exe V6.22
Assembler:       Armasm.exe V6.22
Linker/Locator:  ArmLink.exe V6.22
Library Manager: ArmAr.exe V6.22
Hex Converter:   FromElf.exe V6.22
CPU DLL:         SARMCM3.DLL V5.40.0.3
Dialog DLL:      DCM.DLL V1.17.5.0
Target DLL:      CMSIS_AGDI.dll V1.33.18.0
Dialog DLL:      TCM.DLL V1.56.4.0
 
<h2>Project:</h2>
E:\download\EC_train_2024\STM32\Task_1_GPIO\Code\led-same\MDK-ARM\led.uvprojx
Project File Date:  10/31/2024

<h2>Output:</h2>
*** Using Compiler 'V6.22', folder: 'E:\Keil_v5\ARM\ARMCLANG\Bin'
Rebuild target 'led'
compiling main.c...
compiling stm32h7xx_hal_hsem.c...
assembling startup_stm32h750xx.s...
compiling stm32h7xx_hal_dma_ex.c...
compiling stm32h7xx_hal_flash_ex.c...
compiling stm32h7xx_hal_flash.c...
compiling stm32h7xx_it.c...
compiling stm32h7xx_hal_cortex.c...
compiling stm32h7xx_hal_pwr.c...
compiling stm32h7xx_hal.c...
compiling stm32h7xx_hal_tim.c...
compiling stm32h7xx_hal_gpio.c...
compiling stm32h7xx_hal_exti.c...
compiling gpio.c...
compiling stm32h7xx_hal_msp.c...
compiling memorymap.c...
compiling stm32h7xx_hal_pwr_ex.c...
compiling stm32h7xx_hal_i2c_ex.c...
compiling stm32h7xx_hal_tim_ex.c...
compiling stm32h7xx_hal_rcc.c...
compiling stm32h7xx_hal_mdma.c...
compiling system_stm32h7xx.c...
compiling stm32h7xx_hal_rcc_ex.c...
compiling stm32h7xx_hal_dma.c...
compiling stm32h7xx_hal_i2c.c...
linking...
Program Size: Code=4964 RO-data=712 RW-data=16 ZI-data=1640  
FromELF: creating hex file...
"led\led.axf" - 0 Error(s), 0 Warning(s).

<h2>Software Packages used:</h2>

Package Vendor: ARM
                https://www.keil.com/pack/ARM.CMSIS.6.1.0.pack
                ARM::CMSIS@6.1.0
                CMSIS (Common Microcontroller Software Interface Standard)
   * Component: CORE Version: 6.1.0

Package Vendor: Keil
                https://www.keil.com/pack/Keil.STM32H7xx_DFP.3.1.1.pack
                Keil::STM32H7xx_DFP@3.1.1
                STMicroelectronics STM32H7 Series Device Support and Examples

<h2>Collection of Component include folders:</h2>
  ./RTE/_led
  E:/Keil_Packs/ARM/CMSIS/6.1.0/CMSIS/Core/Include
  E:/Keil_Packs/Keil/STM32H7xx_DFP/3.1.1/Drivers/CMSIS/Device/ST/STM32H7xx/Include

<h2>Collection of Component Files used:</h2>

   * Component: ARM::CMSIS:CORE@6.1.0
      Include file:  CMSIS/Core/Include/tz_context.h
Build Time Elapsed:  00:00:02
</pre>
</body>
</html>
