<html>
<body>
<pre>
<h1>µVision Build Log</h1>
<h2>Tool Versions:</h2>
IDE-Version: ¦ÌVision V5.40.0.0
Copyright (C) 2024 ARM Ltd and ARM Germany GmbH. All rights reserved.
License Information: cui Elmo, q, LIC=----
 
Tool Versions:
Toolchain:       MDK-Lite  Version: 5.40.0.3
Toolchain Path:  C:\Users\Elmo\AppData\Local\Keil_v5\ARM\ARMCLANG\Bin
C Compiler:      ArmClang.exe V6.22
Assembler:       Armasm.exe V6.22
Linker/Locator:  ArmLink.exe V6.22
Library Manager: ArmAr.exe V6.22
Hex Converter:   FromElf.exe V6.22
CPU DLL:         SARMCM3.DLL V5.40.0.3
Dialog DLL:      DCM.DLL V1.17.5.0
Target DLL:      CMSIS_AGDI.dll V1.33.18.0
Dialog DLL:      TCM.DLL V1.56.4.0
 
<h2>Project:</h2>
D:\stm32\LEDbreath2.0\MDK-ARM\LEDbreath2.0.uvprojx
Project File Date:  10/31/2024

<h2>Output:</h2>
*** Using Compiler 'V6.22', folder: 'C:\Users\Elmo\AppData\Local\Keil_v5\ARM\ARMCLANG\Bin'
Build target 'LEDbreath2.0'
assembling startup_stm32h750xx.s...
compiling tim.c...
compiling main.c...
compiling stm32h7xx_hal_pwr_ex.c...
compiling stm32h7xx_hal_cortex.c...
compiling stm32h7xx_hal_exti.c...
compiling stm32h7xx_hal_gpio.c...
compiling stm32h7xx_hal_rcc.c...
compiling stm32h7xx_hal.c...
compiling stm32h7xx_hal_flash.c...
compiling gpio.c...
compiling stm32h7xx_hal_mdma.c...
compiling stm32h7xx_it.c...
compiling stm32h7xx_hal_pwr.c...
compiling stm32h7xx_hal_msp.c...
compiling stm32h7xx_hal_dma_ex.c...
compiling memorymap.c...
compiling stm32h7xx_hal_hsem.c...
compiling stm32h7xx_hal_i2c_ex.c...
compiling system_stm32h7xx.c...
compiling stm32h7xx_hal_flash_ex.c...
compiling stm32h7xx_hal_dma.c...
compiling stm32h7xx_hal_rcc_ex.c...
compiling stm32h7xx_hal_tim_ex.c...
compiling stm32h7xx_hal_tim.c...
compiling stm32h7xx_hal_i2c.c...
linking...
Program Size: Code=11192 RO-data=1008 RW-data=16 ZI-data=1744  
FromELF: creating hex file...
"LEDbreath2.0\LEDbreath2.0" - 0 Error(s), 0 Warning(s).

<h2>Software Packages used:</h2>

Package Vendor: ARM
                https://www.keil.com/pack/ARM.CMSIS.6.1.0.pack
                ARM::CMSIS@6.1.0
                CMSIS (Common Microcontroller Software Interface Standard)
   * Component: CORE Version: 6.1.0

Package Vendor: Keil
                https://www.keil.com/pack/Keil.STM32H7xx_DFP.3.1.1.pack
                Keil::STM32H7xx_DFP@3.1.1
                STMicroelectronics STM32H7 Series Device Support and Examples

<h2>Collection of Component include folders:</h2>
  ./RTE/_LEDbreath2.0
  C:/Users/Elmo/AppData/Local/Arm/Packs/ARM/CMSIS/6.1.0/CMSIS/Core/Include
  C:/Users/Elmo/AppData/Local/Arm/Packs/Keil/STM32H7xx_DFP/3.1.1/Drivers/CMSIS/Device/ST/STM32H7xx/Include

<h2>Collection of Component Files used:</h2>

   * Component: ARM::CMSIS:CORE@6.1.0
      Include file:  CMSIS/Core/Include/tz_context.h
Build Time Elapsed:  00:00:02
</pre>
</body>
</html>
